   1              		.syntax unified
   2              		.cpu cortex-m3
   3              		.fpu softvfp
   4              		.eabi_attribute 20, 1
   5              		.eabi_attribute 21, 1
   6              		.eabi_attribute 23, 3
   7              		.eabi_attribute 24, 1
   8              		.eabi_attribute 25, 1
   9              		.eabi_attribute 26, 1
  10              		.eabi_attribute 30, 6
  11              		.eabi_attribute 18, 4
  12              		.thumb
  13              		.file	"Application.cpp"
  21              	.Ltext0:
  22              		.section	.text.main,"ax",%progbits
  23              		.align	2
  24              		.global	main
  25              		.thumb
  26              		.thumb_func
  28              	main:
  29              	.LFB0:
  30              		.file 1 "Application.cpp"
   1:Application.cpp **** /*
   2:Application.cpp ****  * Application.cpp
   3:Application.cpp ****  *
   4:Application.cpp ****  *  Created on: 2009-09-29
   5:Application.cpp ****  *      Author: oex
   6:Application.cpp ****  */
   7:Application.cpp **** 
   8:Application.cpp **** 
   9:Application.cpp **** int main(void) {
  31              		.loc 1 9 0
  32              		.cfi_startproc
  33              		@ args = 0, pretend = 0, frame = 0
  34              		@ frame_needed = 1, uses_anonymous_args = 0
  35              		@ link register save eliminated.
  36 0000 80B4     		push	{r7}
  37              	.LCFI0:
  38              		.cfi_def_cfa_offset 4
  39 0002 00AF     		add	r7, sp, #0
  40              		.cfi_offset 7, -4
  41              	.LCFI1:
  42              		.cfi_def_cfa_register 7
  43 0004 4FF00003 		mov	r3, #0
  10:Application.cpp **** 
  11:Application.cpp **** }
  44              		.loc 1 11 0
  45 0008 1846     		mov	r0, r3
  46 000a BD46     		mov	sp, r7
  47 000c 80BC     		pop	{r7}
  48 000e 7047     		bx	lr
  49              		.cfi_endproc
  50              	.LFE0:
  52              		.text
  53              	.Letext0:
DEFINED SYMBOLS
                            *ABS*:00000000 Application.cpp
                            .text:00000000 $t
     /tmp/ccJyNSkL.s:28     .text.main:00000000 main
     /tmp/ccJyNSkL.s:25     .text.main:00000000 $t
     /tmp/ccJyNSkL.s:57     .debug_loc:00000000 $d

NO UNDEFINED SYMBOLS
